[19:38:15] [main/INFO] (FabricLoader/GameProvider) Loading Minecraft 1.21.11 with Fabric Loader 0.19.2
[19:38:15] [main/WARN] (FabricLoader/Resolution) Warnings were found!
 - Mod 'Dynamic Lights' (dynamiclights) 1.9.3+mod recommends any version of midnightlib, which is missing!
	 - You should install any version of midnightlib for the optimal experience.
[19:38:15] [main/INFO] (FabricLoader) Loading 55 mods:
	- ali 1.12.0
	- cloth-config 21.11.153
	   \-- cloth-basic-math 0.6.1
	- djs-fixed-progression 1.0.0
	- dynamiclights 1.9.3+mod
	- entityculling 1.10.5
	   |-- transition 1.0.21
	   \-- trender 1.0.15
	- fabric-api 0.141.4+1.21.11
	   |-- fabric-key-binding-api-v1 1.1.7+4fc5413f3e
	   |-- fabric-model-loading-api-v1 6.0.15+4fc5413f3e
	   |-- fabric-renderer-api-v1 8.0.3+f4ffd2e53e
	   |-- fabric-renderer-indigo 5.0.3+f4ffd2e53e
	   |-- fabric-rendering-v1 16.2.10+0290ad933e
	   |-- fabric-screen-api-v1 3.1.7+4ebb5c083e
	   \-- fabric-sound-api-v1 1.0.51+4fc5413f3e
	- fabric-api-base 1.0.5+4ebb5c083e
	- fabric-api-lookup-api-v1 1.6.114+20dc27073e
	- fabric-biome-api-v1 17.1.1+4fc5413f3e
	- fabric-block-api-v1 1.1.10+4ebb5c083e
	- fabric-block-view-api-v2 1.0.39+4ebb5c083e
	- fabric-command-api-v2 2.4.7+6b42a6003e
	- fabric-content-registries-v0 10.2.14+4fc5413f3e
	- fabric-convention-tags-v1 2.1.55+7f945d5b3e
	- fabric-convention-tags-v2 2.17.3+8ef948ba3e
	- fabric-crash-report-info-v1 0.3.23+4ebb5c083e
	- fabric-data-attachment-api-v1 1.8.47+eed0806f3e
	- fabric-data-generation-api-v1 23.4.0+69974c4e3e
	- fabric-dimensions-v1 4.0.28+4fc5413f3e
	- fabric-entity-events-v1 3.1.1+1d0ab4303e
	- fabric-events-interaction-v0 4.1.0+3b89ecf63e
	- fabric-game-rule-api-v1 2.0.3+4fc5413f3e
	- fabric-gametest-api-v1 3.1.27+4fc5413f3e
	- fabric-item-api-v1 11.5.20+d0c46b9e3e
	- fabric-item-group-api-v1 4.2.36+4fc5413f3e
	- fabric-lifecycle-events-v1 2.6.15+4ebb5c083e
	- fabric-loot-api-v2 3.0.73+3f89f5a53e
	- fabric-loot-api-v3 2.0.20+78c8b4663e
	- fabric-message-api-v1 6.1.12+4ebb5c083e
	- fabric-networking-api-v1 5.1.5+ae1e07683e
	- fabric-object-builder-api-v1 21.1.39+4fc5413f3e
	- fabric-particles-v1 4.2.11+4fc5413f3e
	- fabric-recipe-api-v1 8.2.3+4ebb5c083e
	- fabric-registry-sync-v0 6.2.5+1718722b3e
	- fabric-rendering-fluids-v1 3.1.43+4ebb5c083e
	- fabric-resource-conditions-api-v1 5.0.35+4fc5413f3e
	- fabric-resource-loader-v0 3.3.4+4fc5413f3e
	- fabric-resource-loader-v1 1.0.10+78c8b4663e
	- fabric-screen-handler-api-v1 1.3.161+4fc5413f3e
	- fabric-serialization-api-v1 1.0.5+4ebb5c083e
	- fabric-tag-api-v1 1.2.20+4fc5413f3e
	- fabric-transfer-api-v1 6.0.25+4fc5413f3e
	- fabric-transitive-access-wideners-v1 7.1.0+014c8cec3e
	- fabricloader 0.19.2
	- ferritecore 8.2.0
	- jade 21.1.6+fabric
	- java 21
	- jei 27.4.0.24
	- lithium 0.21.4+mc1.21.11
	- minecraft 1.21.11
	- mixinextras 0.5.4
	- placeholder-api 2.8.2+1.21.10
[19:38:21] [main/WARN] (FabricLoader/ModRemap) Cannot remap this$0 because it does not exist in any of the targets [net/minecraft/class_327$class_5232] or their parents.
[19:38:21] [pool-2-thread-4/WARN] (FabricLoader/ModRemap) Cannot remap lambda$updateBlockEntityTicker$9 because it does not exist in any of the targets [net/minecraft/class_2818]
[19:38:21] [pool-2-thread-4/WARN] (FabricLoader/ModRemap) Cannot remap lambda$updateBlockEntityTicker$9 because it does not exist in any of the targets [net/minecraft/class_2818]
[19:38:21] [pool-2-thread-13/WARN] (FabricLoader/ModRemap) Cannot remap getHeldItem because it does not exist in any of the targets [net/minecraft/class_3727]
[19:38:21] [pool-2-thread-13/WARN] (FabricLoader/ModRemap) Cannot remap lambda$create$5 because it does not exist in any of the targets [net/minecraft/class_4246]
[19:38:21] [pool-2-thread-13/WARN] (FabricLoader/ModRemap) Cannot remap lambda$create$8 because it does not exist in any of the targets [net/minecraft/class_4246]
[19:38:21] [pool-2-thread-10/WARN] (FabricLoader/ModRemap) Cannot remap lambda$create$6 because it does not exist in any of the targets [net/minecraft/class_4096]
[19:38:21] [pool-2-thread-10/WARN] (FabricLoader/ModRemap) Cannot remap lambda$create$8 because it does not exist in any of the targets [net/minecraft/class_4096]
[19:38:21] [pool-2-thread-10/WARN] (FabricLoader/ModRemap) Cannot remap lambda$create$8 because it does not exist in any of the targets [net/minecraft/class_4096]
[19:38:21] [pool-2-thread-10/WARN] (FabricLoader/ModRemap) Cannot remap lambda$getTicker$0 because it does not exist in any of the targets [net/minecraft/class_8236]
[19:38:21] [pool-2-thread-6/WARN] (FabricLoader/ModRemap) Cannot remap lambda$getTicker$2 because it does not exist in any of the targets [net/minecraft/class_7268]
[19:38:21] [pool-2-thread-3/WARN] (FabricLoader/ModRemap) Cannot remap lambda$getTicker$1 because it does not exist in any of the targets [net/minecraft/class_5703]
[19:38:28] [main/INFO] (FabricLoader/Mixin) SpongePowered MIXIN Subsystem Version=0.8.7 Source=file:/C:/Users/RK/.gradle/caches/modules-2/files-2.1/net.fabricmc/sponge-mixin/0.17.2+mixin.0.8.7/edf98d1d98229e46e36c61774ae2b54dcd852981/sponge-mixin-0.17.2+mixin.0.8.7.jar Service=Knot/Fabric Env=SERVER
[19:38:28] [main/INFO] (FabricLoader/Mixin) Loaded Fabric development mappings for mixin remapper!
[19:38:28] [main/INFO] (FabricLoader/Mixin) Compatibility level set to JAVA_21
[19:38:28] [main/INFO] (Lithium) Loaded configuration file for Lithium: 171 options available, 0 override(s) found.
[19:38:30] [main/INFO] (FabricLoader/MixinExtras|Service) Initializing MixinExtras via com.llamalad7.mixinextras.service.MixinExtrasServiceImpl(version=0.5.4).
[19:38:32] [main/WARN] (PerfmonDisabled) Invalid registry value type detected for PerfOS counters. Should be REG_DWORD. Ignoring: HKEY_LOCAL_MACHINE\SYSTEM\CurrentControlSet\Services\PerfOS\Performance\Disable Performance Counters.
[19:38:51] [main/INFO] (djs-fixed-progression) Initializing DJ's Fixed Progression.
[19:38:52] [main/INFO] (dynamiclights) [Dynamic Lights] Loaded Dynamic Lights by Tschipcraft successfully!
[19:38:53] [main/INFO] (FabricPlatformHelper) Registered ALI plugin [ali] com.yanny.ali.plugin.Plugin
[19:38:53] [main/INFO] (FabricPlatformHelper) Found 1 plugin(s)
[19:38:53] [main/INFO] (CorePluginManager) Registering common plugin data...
[19:38:53] [main/INFO] (ConfigUtils) Loading configuration file .\config\ali\ali_common.json
[19:38:53] [main/INFO] (ManagedRegistry) Registered 1 entity variants
[19:38:53] [main/INFO] (CorePluginManager) Registering common plugin data finished
[19:38:54] [main/INFO] (Minecraft) Environment: Environment[sessionHost=https://sessionserver.mojang.com, servicesHost=https://api.minecraftservices.com, profilesHost=https://api.mojang.com, name=PROD]
[19:39:00] [Worker-Main-1/ERROR] (Minecraft) Couldn't parse data file 'minecraft:netherite_upgrade_smithing_template' from 'minecraft:recipe/netherite_upgrade_smithing_template.json': DataResult.Error['No key type in MapLike[{}]']
[19:39:00] [Worker-Main-1/ERROR] (Minecraft) Couldn't parse data file 'minecraft:spectral_arrow' from 'minecraft:recipe/spectral_arrow.json': DataResult.Error['No key type in MapLike[{}]']
[19:39:01] [main/INFO] (Minecraft) Loaded 1471 recipes
[19:39:01] [main/INFO] (Minecraft) Loaded 1599 advancements
[19:39:02] [main/INFO] (BiomeModificationImpl) Applied 3 biome modifications to 3 of 65 new biomes in 9.566 ms
[19:39:02] [Server thread/INFO] (Minecraft) Starting minecraft server version 1.21.11
[19:39:02] [Server thread/INFO] (Minecraft) Loading properties
[19:39:02] [Server thread/INFO] (Minecraft) Default game type: SURVIVAL
[19:39:02] [Server thread/INFO] (Minecraft) Generating keypair
[19:39:02] [Server thread/INFO] (Minecraft) Starting Minecraft server on *:25565
[19:39:02] [Server thread/WARN] (Minecraft) **** SERVER IS RUNNING IN OFFLINE/INSECURE MODE!
[19:39:02] [Server thread/WARN] (Minecraft) The server will make no attempt to authenticate usernames. Beware.
[19:39:02] [Server thread/WARN] (Minecraft) While this makes the game possible to play without internet access, it also opens up the ability for hackers to connect with any username they choose.
[19:39:02] [Server thread/WARN] (Minecraft) To change this, set "online-mode" to "true" in the server.properties file.
[19:39:02] [Server thread/INFO] (Minecraft) Preparing level "world"
[19:39:03] [Server thread/INFO] (CorePluginManager) Registering server plugin data...
[19:39:04] [Server thread/INFO] (ManagedRegistry) Registered 9/9 entry factories
[19:39:04] [Server thread/INFO] (ManagedRegistry) Registered 6/6 number converters
[19:39:04] [Server thread/INFO] (ManagedRegistry) Registered 11 trade item listings
[19:39:04] [Server thread/INFO] (ManagedRegistry) Registered 9 entry item collectors
[19:39:04] [Server thread/INFO] (ManagedRegistry) Registered 2 function item collectors
[19:39:04] [Server thread/INFO] (ManagedRegistry) Registered 11 trade item collectors
[19:39:04] [Server thread/INFO] (ManagedRegistry) Registered 41/41 function tooltips
[19:39:04] [Server thread/INFO] (ManagedRegistry) Registered 19/19 condition tooltips
[19:39:04] [Server thread/INFO] (ManagedRegistry) Registered 1 ingredient tooltips
[19:39:04] [Server thread/INFO] (ManagedRegistry) Registered 137 value tooltips
[19:39:04] [Server thread/INFO] (ManagedRegistry) Registered 15/14 data component predicate tooltips
[19:39:04] [Server thread/INFO] (ManagedRegistry) Registered 6/6 entity sub predicate tooltips
[19:39:04] [Server thread/INFO] (ManagedRegistry) Registered 104/104 data component type tooltips
[19:39:04] [Server thread/INFO] (ManagedRegistry) Registered 5/5 consume effect tooltips
[19:39:04] [Server thread/INFO] (ManagedRegistry) Registered 6/6 slot source tooltips
[19:39:04] [Server thread/INFO] (ManagedRegistry) Registered 3 chance modifiers
[19:39:04] [Server thread/INFO] (ManagedRegistry) Registered 4 count modifiers
[19:39:04] [Server thread/INFO] (ManagedRegistry) Registered 15 item stack modifiers
[19:39:04] [Server thread/INFO] (AliServerRegistry) Registered 0 loot modifiers
[19:39:04] [Server thread/INFO] (CorePluginManager) Registering server plugin data finished
[19:39:04] [Server thread/INFO] (AbstractServer) Started reading loot info
[19:39:06] [Server thread/INFO] (AbstractServer) Skipped 39 empty or hidden loot tables and 0 injected loot tables
[19:39:06] [Server thread/WARN] (AbstractServer) No trades defined for minecraft:none
[19:39:06] [Server thread/WARN] (AbstractServer) No trades defined for minecraft:nitwit
[19:39:06] [Server thread/INFO] (AbstractServer) Processing 1295 loot tables, 17 fake loot tables and 14 trades took 1960ms
[19:39:06] [Server thread/INFO] (AbstractServer) Compressed loot data (0.31 MB -> 0.06 MB) and stored in 2 chunk(s)
[19:39:06] [Server thread/INFO] (Minecraft) Loading 0 persistent chunks...
[19:39:06] [Server thread/INFO] (Minecraft) Preparing spawn area: 100%
[19:39:06] [Server thread/INFO] (Minecraft) Time elapsed: 13 ms
[19:39:06] [Server thread/INFO] (Minecraft) Done (3.692s)! For help, type "help"
[19:39:06] [Server thread/INFO] (Jade) Start loading plugin from Jade: snownee.jade.addon.core.CorePlugin
[19:39:06] [Server thread/INFO] (Jade) snownee.jade.addon.core.CorePlugin loaded: 2.811 ms
[19:39:06] [Server thread/INFO] (Jade) Start loading plugin from Jade: snownee.jade.addon.vanilla.VanillaPlugin
[19:39:06] [Server thread/INFO] (Jade) snownee.jade.addon.vanilla.VanillaPlugin loaded: 13.16 ms
[19:39:06] [Server thread/INFO] (Jade) Start loading plugin from Jade: snownee.jade.addon.universal.UniversalPlugin
[19:39:06] [Server thread/INFO] (Jade) snownee.jade.addon.universal.UniversalPlugin loaded: 15.82 ms
[19:39:06] [Server thread/INFO] (Jade) Start loading plugin from Jade: snownee.jade.addon.access.AccessibilityPlugin
[19:39:06] [Server thread/INFO] (Jade) snownee.jade.addon.access.AccessibilityPlugin loaded: 10.50 μs
[19:39:06] [Server thread/INFO] (Jade) Start loading plugin from Jade: snownee.jade.addon.debug.DebugPlugin
[19:39:06] [Server thread/INFO] (Jade) snownee.jade.addon.debug.DebugPlugin loaded: 7.900 μs
[19:39:06] [Server thread/WARN] (TranslationConventionLogWarnings) 
	Dev warning - Untranslated Item Tags detected. Please translate your item tags so other mods such as recipe viewers can properly display your tag's name.
	The format desired is tag.item.<namespace>.<path> for the translation key with slashes in path turned into periods.
	To disable this message, set this system property in your runs: `-Dfabric-tag-conventions-v2.missingTagTranslationWarning=SILENCED`.
	To see individual untranslated item tags found, set the system property to `-Dfabric-tag-conventions-v2.missingTagTranslationWarning=VERBOSE`.
	Default is `SHORT`.

[19:40:06] [Server thread/INFO] (Minecraft) Server empty for 60 seconds, pausing
[19:40:11] [Server thread/INFO] (Minecraft) Player995[/127.0.0.1:61836] logged in with entity id 186 at (-25.5, 78.0, -7.5)
[19:40:11] [Server thread/INFO] (Minecraft) Player995 joined the game
[19:40:14] [Server thread/INFO] (AbstractServer) Started syncing loot info to Player995
[19:40:14] [Server thread/INFO] (AbstractServer) Finished syncing loot info to Player995
[19:40:35] [Server thread/INFO] (Minecraft) Made Player995 a server operator
[19:40:37] [Server thread/INFO] (Minecraft) [Player995: Set own game mode to Creative Mode]
[19:40:45] [Server thread/INFO] (Minecraft) Player840[/127.0.0.1:61676] logged in with entity id 304 at (-21.5, 78.0, -2.5)
[19:40:45] [Server thread/INFO] (Minecraft) Player840 joined the game
[19:40:47] [Server thread/INFO] (AbstractServer) Started syncing loot info to Player840
[19:40:47] [Server thread/INFO] (AbstractServer) Finished syncing loot info to Player840
[19:40:50] [Server thread/INFO] (Minecraft) Player548[/127.0.0.1:61680] logged in with entity id 316 at (-26.5, 73.0, -0.5)
[19:40:50] [Server thread/INFO] (Minecraft) Player548 joined the game
[19:40:50] [Server thread/INFO] (Minecraft) [Player995: Set own game mode to Survival Mode]
[19:40:53] [Server thread/INFO] (AbstractServer) Started syncing loot info to Player548
[19:40:53] [Server thread/INFO] (AbstractServer) Finished syncing loot info to Player548
[19:40:53] [Server thread/INFO] (Minecraft) [Player995: Set 20 experience levels on 3 players]
[19:41:01] [Server thread/INFO] (Minecraft) [Player995: Made Player548 a server operator]
[19:41:03] [Server thread/INFO] (Minecraft) [Player995: Made Player840 a server operator]
[19:41:05] [Server thread/INFO] (Minecraft) [Player840: Set own game mode to Creative Mode]
[19:41:07] [Server thread/INFO] (Minecraft) [Player840: Set own game mode to Survival Mode]
[19:41:11] [Server thread/INFO] (Minecraft) [Player548: Set own game mode to Creative Mode]
[19:41:13] [Server thread/INFO] (Minecraft) [Player548: Set own game mode to Survival Mode]
[19:41:22] [Server thread/INFO] (Minecraft) [Player995: Set the time to 13500]
[19:41:24] [Server thread/INFO] (Minecraft) Player995 has made the advancement [Sweet Dreams]
[19:41:29] [Server thread/INFO] (Minecraft) Player840 has made the advancement [Sweet Dreams]
[19:41:40] [Server thread/INFO] (Minecraft) [Player548: Gamerule players_sleeping_percentage is now set to: 50]
[19:41:57] [Server thread/INFO] (Minecraft) Player548 has made the advancement [Sweet Dreams]
[19:42:55] [Server thread/INFO] (Minecraft) [Player840: Applied effect Saturation to 119 targets]
[19:43:04] [Server thread/INFO] (Minecraft) [Player995: Set the weather to rain & thunder]
[19:43:28] [Server thread/INFO] (Minecraft) [Player995: Set the time to 6000]
[19:44:11] [Server thread/INFO] (Minecraft) The night was skipped
[19:44:48] [Server thread/INFO] (Minecraft) [Player995: Set the weather to clear]
[19:44:54] [Server thread/INFO] (Minecraft) [Player995: Set the time to 18000]
[19:44:59] [Server thread/INFO] (Minecraft) [Player995: Set the time to 13500]
[19:45:29] [Server thread/INFO] (Minecraft) The night was skipped
[19:51:20] [Server thread/INFO] (Minecraft) [Player995: Set the time to 13500]
[19:51:31] [Server thread/INFO] (Minecraft) [Player995: Set 20 experience levels on 3 players]
[19:51:32] [Server thread/INFO] (Minecraft) Player840 lost connection: Disconnected
[19:51:32] [Server thread/INFO] (Minecraft) Player840 left the game
[19:51:36] [Server thread/INFO] (Minecraft) Player840[/127.0.0.1:57178] logged in with entity id 425 at (-15.509940329282157, 74.5625, 5.9686384787053255)
[19:51:36] [Server thread/INFO] (Minecraft) Player840 joined the game
[19:51:38] [Server thread/INFO] (AbstractServer) Started syncing loot info to Player840
[19:51:38] [Server thread/INFO] (AbstractServer) Finished syncing loot info to Player840
[19:52:09] [Server thread/INFO] (Minecraft) The night was skipped
[19:53:42] [Server thread/INFO] (Minecraft) [Player995: Set the time to 13500]
[19:57:47] [Server thread/INFO] (Minecraft) Player840 lost connection: Disconnected
[19:57:47] [Server thread/INFO] (Minecraft) Player840 left the game
[19:57:48] [Server thread/INFO] (Minecraft) Player548 lost connection: Disconnected
[19:57:48] [Server thread/INFO] (Minecraft) Player548 left the game
[19:58:06] [Server thread/INFO] (Minecraft) Player995 lost connection: Disconnected
[19:58:06] [Server thread/INFO] (Minecraft) Player995 left the game
[19:58:16] [Server thread/INFO] (Minecraft) Stopping the server
[19:58:16] [Server thread/INFO] (CorePluginManager) Deregistering server plugin data...
[19:58:16] [Server thread/INFO] (CorePluginManager) Deregistering server plugin data finished
[19:58:16] [Server thread/INFO] (Minecraft) Stopping server
[19:58:16] [Server thread/INFO] (Minecraft) Saving players
[19:58:16] [Server thread/INFO] (Minecraft) Saving worlds
[19:58:16] [Server thread/INFO] (Minecraft) Saving chunks for level 'ServerLevel[world]'/minecraft:overworld
[19:58:16] [Server thread/INFO] (Minecraft) Saving chunks for level 'ServerLevel[world]'/minecraft:the_nether
[19:58:16] [Server thread/INFO] (Minecraft) Saving chunks for level 'ServerLevel[world]'/minecraft:the_end
[19:58:16] [Server thread/INFO] (Minecraft) ThreadedAnvilChunkStorage (world): All chunks are saved
[19:58:16] [Server thread/INFO] (Minecraft) ThreadedAnvilChunkStorage (DIM-1): All chunks are saved
[19:58:16] [Server thread/INFO] (Minecraft) ThreadedAnvilChunkStorage (DIM1): All chunks are saved
[19:58:16] [Server thread/INFO] (Minecraft) ThreadedAnvilChunkStorage: All dimensions are saved
